// Vitest Snapshot v1, https://vitest.dev/guide/snapshot.html

exports[`nation gold per minute > world map, impossible nations, 20 minutes 1`] = `
{
  "aliveNations": 24,
  "perMinute": [
    {
      "cities": 0,
      "factories": 0,
      "minute": 1,
      "ports": 0,
      "shipsArrived": 0,
      "tradeGold": 0,
      "tradeShipsAtSea": 0,
      "trainGold": 0,
      "trainStops": 0,
      "trainsRunning": 0,
    },
    {
      "cities": 2,
      "factories": 0,
      "minute": 2,
      "ports": 0,
      "shipsArrived": 0,
      "tradeGold": 0,
      "tradeShipsAtSea": 0,
      "trainGold": 0,
      "trainStops": 0,
      "trainsRunning": 0,
    },
    {
      "cities": 60,
      "factories": 0,
      "minute": 3,
      "ports": 1,
      "shipsArrived": 0,
      "tradeGold": 0,
      "tradeShipsAtSea": 0,
      "trainGold": 0,
      "trainStops": 0,
      "trainsRunning": 0,
    },
    {
      "cities": 60,
      "factories": 0,
      "minute": 4,
      "ports": 6,
      "shipsArrived": 0,
      "tradeGold": 0,
      "tradeShipsAtSea": 7,
      "trainGold": 0,
      "trainStops": 0,
      "trainsRunning": 0,
    },
    {
      "cities": 64,
      "factories": 1,
      "minute": 5,
      "ports": 13,
      "shipsArrived": 1,
      "tradeGold": 208600,
      "tradeShipsAtSea": 61,
      "trainGold": 0,
      "trainStops": 0,
      "trainsRunning": 0,
    },
    {
      "cities": 71,
      "factories": 4,
      "minute": 6,
      "ports": 18,
      "shipsArrived": 25,
      "tradeGold": 5288000,
      "tradeShipsAtSea": 122,
      "trainGold": 700000,
      "trainStops": 22,
      "trainsRunning": 14,
    },
    {
      "cities": 77,
      "factories": 4,
      "minute": 7,
      "ports": 22,
      "shipsArrived": 60,
      "tradeGold": 13430000,
      "tradeShipsAtSea": 155,
      "trainGold": 640000,
      "trainStops": 28,
      "trainsRunning": 0,
    },
    {
      "cities": 78,
      "factories": 5,
      "minute": 8,
      "ports": 27,
      "shipsArrived": 83,
      "tradeGold": 21650000,
      "tradeShipsAtSea": 160,
      "trainGold": 430000,
      "trainStops": 25,
      "trainsRunning": 21,
    },
    {
      "cities": 83,
      "factories": 7,
      "minute": 9,
      "ports": 27,
      "shipsArrived": 80,
      "tradeGold": 19600000,
      "tradeShipsAtSea": 168,
      "trainGold": 1080000,
      "trainStops": 44,
      "trainsRunning": 35,
    },
    {
      "cities": 90,
      "factories": 10,
      "minute": 10,
      "ports": 28,
      "shipsArrived": 81,
      "tradeGold": 19580000,
      "tradeShipsAtSea": 211,
      "trainGold": 2310000,
      "trainStops": 71,
      "trainsRunning": 56,
    },
    {
      "cities": 95,
      "factories": 12,
      "minute": 11,
      "ports": 32,
      "shipsArrived": 89,
      "tradeGold": 22310000,
      "tradeShipsAtSea": 240,
      "trainGold": 5280000,
      "trainStops": 106,
      "trainsRunning": 63,
    },
    {
      "cities": 97,
      "factories": 12,
      "minute": 12,
      "ports": 35,
      "shipsArrived": 111,
      "tradeGold": 26630000,
      "tradeShipsAtSea": 264,
      "trainGold": 4260000,
      "trainStops": 116,
      "trainsRunning": 84,
    },
    {
      "cities": 97,
      "factories": 15,
      "minute": 13,
      "ports": 37,
      "shipsArrived": 128,
      "tradeGold": 32750000,
      "tradeShipsAtSea": 266,
      "trainGold": 4655000,
      "trainStops": 156,
      "trainsRunning": 70,
    },
    {
      "cities": 98,
      "factories": 15,
      "minute": 14,
      "ports": 40,
      "shipsArrived": 127,
      "tradeGold": 33420000,
      "tradeShipsAtSea": 239,
      "trainGold": 5650000,
      "trainStops": 171,
      "trainsRunning": 91,
    },
    {
      "cities": 95,
      "factories": 15,
      "minute": 15,
      "ports": 44,
      "shipsArrived": 100,
      "tradeGold": 21230000,
      "tradeShipsAtSea": 247,
      "trainGold": 2565000,
      "trainStops": 178,
      "trainsRunning": 63,
    },
    {
      "cities": 95,
      "factories": 15,
      "minute": 16,
      "ports": 45,
      "shipsArrived": 111,
      "tradeGold": 25600000,
      "tradeShipsAtSea": 293,
      "trainGold": 1865000,
      "trainStops": 151,
      "trainsRunning": 56,
    },
    {
      "cities": 92,
      "factories": 18,
      "minute": 17,
      "ports": 46,
      "shipsArrived": 143,
      "tradeGold": 35410000,
      "tradeShipsAtSea": 319,
      "trainGold": 1400000,
      "trainStops": 100,
      "trainsRunning": 70,
    },
    {
      "cities": 91,
      "factories": 18,
      "minute": 18,
      "ports": 45,
      "shipsArrived": 149,
      "tradeGold": 39060000,
      "tradeShipsAtSea": 295,
      "trainGold": 1575000,
      "trainStops": 128,
      "trainsRunning": 70,
    },
    {
      "cities": 90,
      "factories": 19,
      "minute": 19,
      "ports": 46,
      "shipsArrived": 87,
      "tradeGold": 22410000,
      "tradeShipsAtSea": 303,
      "trainGold": 1625000,
      "trainStops": 149,
      "trainsRunning": 70,
    },
    {
      "cities": 90,
      "factories": 19,
      "minute": 20,
      "ports": 46,
      "shipsArrived": 98,
      "tradeGold": 26080000,
      "tradeShipsAtSea": 363,
      "trainGold": 1435000,
      "trainStops": 129,
      "trainsRunning": 77,
    },
  ],
  "totals": {
    "shipsArrived": 1473,
    "tradeGold": 364700000,
    "trainGold": 35470000,
    "trainStops": 1574,
  },
}
`;
